// Jest Snapshot v1, https://goo.gl/fbAQLP

exports[`Link should match snapshot 1`] = `
<div>
  <div
    class="sc-bczRLJ hugpLt"
  >
    Dark Lyrics
  </div>
</div>
`;
